../Core/Src/main.c:88:6:parse_command	272	static
../Core/Src/main.c:102:6:get_command	272	static
../Core/Src/main.c:140:6:HAL_UART_RxCpltCallback	16	static
../Core/Src/main.c:154:5:main	24	static
../Core/Src/main.c:226:6:SystemClock_Config	72	static
../Core/Src/main.c:263:13:MX_I2C1_Init	8	static
../Core/Src/main.c:297:13:MX_TIM1_Init	32	static
../Core/Src/main.c:343:13:MX_USART1_UART_Init	8	static
../Core/Src/main.c:376:13:MX_GPIO_Init	40	static
../Core/Src/main.c:412:6:HAL_TIM_PeriodElapsedCallback	16	static
../Core/Src/main.c:423:6:Error_Handler	4	static,ignoring_inline_asm
